

================================================================
== Vivado HLS Report for 'numadd'
================================================================
* Date:           Tue Feb 13 14:46:43 2018

* Version:        2016.2 (Build 1577090 on Thu Jun 02 16:59:10 MDT 2016)
* Project:        numadd_hls
* Solution:       solution1
* Product family: zynq
* Target device:  xc7z020clg400-1


================================================================
== Performance Estimates
================================================================
+ Timing (ns): 
    * Summary: 
    +--------+-------+----------+------------+
    |  Clock | Target| Estimated| Uncertainty|
    +--------+-------+----------+------------+
    |ap_clk  |  10.00|      4.44|        1.25|
    +--------+-------+----------+------------+

+ Latency (clock cycles): 
    * Summary: 
    +-----+-----+-----+-----+---------+
    |  Latency  |  Interval | Pipeline|
    | min | max | min | max |   Type  |
    +-----+-----+-----+-----+---------+
    |    0|    0|    1|    1|   none  |
    +-----+-----+-----+-----+---------+

    + Detail: 
        * Instance: 
        N/A

        * Loop: 
        N/A

============================================================
+ Verbose Summary: Synthesis Manager
============================================================
InlineROM: 1
ExposeGlobal: 0
============================================================
+ Verbose Summary: CDFG Model
============================================================
IsTopModel: 1
ResetActiveHigh: 1
IsCombinational: 0
IsDatapathOnly: 0
HasWiredReturn: 1
HasMFsm: 0
HasVarLatency: 0
IsPipeline: 0
IsRtlPipelined: 0
IsInstanceOverlapped: 0
IsDontTouch: 0
HasImplIP: 0
IsGatedGlobalClock: 0


============================================================
+ Verbose Summary: Schedule
============================================================
* Number of FSM states: 1
* Pipeline: 0
* Dataflow Pipeline: 0

* FSM state transitions: 
1 --> 
* FSM state operations: 

 <State 1>: 4.44ns
ST_1: stg_2 [1/1] 0.00ns
:0  call void (...)* @_ssdm_op_SpecBitsMap(i32 %a) nounwind, !map !7

ST_1: stg_3 [1/1] 0.00ns
:1  call void (...)* @_ssdm_op_SpecBitsMap(i32 %b) nounwind, !map !13

ST_1: stg_4 [1/1] 0.00ns
:2  call void (...)* @_ssdm_op_SpecBitsMap(i32* %y) nounwind, !map !17

ST_1: stg_5 [1/1] 0.00ns
:3  call void (...)* @_ssdm_op_SpecTopModule([7 x i8]* @numadd_str) nounwind

ST_1: b_read [1/1] 1.00ns
:4  %b_read = call i32 @_ssdm_op_Read.s_axilite.i32(i32 %b) nounwind

ST_1: a_read [1/1] 1.00ns
:5  %a_read = call i32 @_ssdm_op_Read.s_axilite.i32(i32 %a) nounwind

ST_1: stg_8 [1/1] 0.00ns
:6  call void (...)* @_ssdm_op_SpecInterface(i32* %y, [10 x i8]* @p_str, i32 0, i32 0, i32 0, i32 0, [7 x i8]* @p_str1, [1 x i8]* @p_str2, [1 x i8]* @p_str2, i32 0, i32 0, i32 0, i32 0, [1 x i8]* @p_str2) nounwind

ST_1: stg_9 [1/1] 0.00ns
:7  call void (...)* @_ssdm_op_SpecInterface(i32 %b, [10 x i8]* @p_str, i32 0, i32 0, i32 0, i32 0, [7 x i8]* @p_str1, [1 x i8]* @p_str2, [1 x i8]* @p_str2, i32 0, i32 0, i32 0, i32 0, [1 x i8]* @p_str2) nounwind

ST_1: stg_10 [1/1] 0.00ns
:8  call void (...)* @_ssdm_op_SpecInterface(i32 %a, [10 x i8]* @p_str, i32 0, i32 0, i32 0, i32 0, [7 x i8]* @p_str1, [1 x i8]* @p_str2, [1 x i8]* @p_str2, i32 0, i32 0, i32 0, i32 0, [1 x i8]* @p_str2) nounwind

ST_1: y_assign [1/1] 2.44ns
:9  %y_assign = add nsw i32 %b_read, %a_read

ST_1: stg_12 [1/1] 1.00ns
:10  call void @_ssdm_op_Write.s_axilite.i32P(i32* %y, i32 %y_assign) nounwind

ST_1: stg_13 [1/1] 0.00ns
:11  ret void



============================================================
+ Verbose Summary: Timing violations
============================================================
Target clock period: 10ns, clock uncertainty: 1.25ns.

 No timing violations. 


============================================================
+ Verbose Summary: Binding
============================================================
N/A
* FSMD analyzer results:
  - Output states:
 - Input state : 
  - Chain level:
	State 1


============================================================
+ Verbose Summary: Datapath Resource usage 
============================================================
N/A
